mplib_s.c: In function `id3v2_add_tag':
In file included from mplib.c:937:
mplib_s.c:267: warning: assignment makes pointer from integer without a cast
mplib_s.c:277: warning: assignment makes pointer from integer without a cast
mplib_s.c:314: warning: assignment makes pointer from integer without a cast
mplib_s.c: In function `id3v2_del_tag':
mplib_s.c:429: warning: assignment makes pointer from integer without a cast
mplib_s.c: In function `id3v2_add_tag':
mplib_s.c:267: warning: assignment makes pointer from integer without a cast
mplib_s.c:277: warning: assignment makes pointer from integer without a cast
mplib_s.c:314: warning: assignment makes pointer from integer without a cast
mplib_s.c: In function `id3v2_del_tag':
mplib_s.c:429: warning: assignment makes pointer from integer without a cast
